// Jest Snapshot v1, https://goo.gl/fbAQLP

exports[`Should render Quotes component Should render according to snapshot 1`] = `[Function]`;
